../lib/src/stm32fxxxinstance.c:26:13:set_reg	16	static
../lib/src/stm32fxxxinstance.c:29:13:clear_reg	16	static
../lib/src/stm32fxxxinstance.c:32:17:get_reg_Msk	24	static
../lib/src/stm32fxxxinstance.c:38:13:write_reg_Msk	32	static
../lib/src/stm32fxxxinstance.c:44:13:set_reg_Msk	24	static
../lib/src/stm32fxxxinstance.c:49:13:set_hpins	16	static
../lib/src/stm32fxxxinstance.c:53:13:clear_hpins	16	static
../lib/src/stm32fxxxinstance.c:57:13:set_pin	16	static
../lib/src/stm32fxxxinstance.c:61:13:clear_pin	16	static
../lib/src/stm32fxxxinstance.c:65:10:get_reg_block	24	static
../lib/src/stm32fxxxinstance.c:76:6:write_reg_block	32	static
../lib/src/stm32fxxxinstance.c:89:6:set_reg_block	32	static
../lib/src/stm32fxxxinstance.c:100:10:get_bit_block	32	static
../lib/src/stm32fxxxinstance.c:111:6:set_bit_block	32	static
../lib/src/stm32fxxxinstance.c:120:6:STM32446SetRegBits	20	static
../lib/src/stm32fxxxinstance.c:132:6:STM32446ResetRegBits	20	static
../lib/src/stm32fxxxinstance.c:144:6:STM32446VecSetup	40	static
../lib/src/stm32fxxxinstance.c:157:10:gethpre	16	static
../lib/src/stm32fxxxinstance.c:192:9:gethppre1	16	static
../lib/src/stm32fxxxinstance.c:215:9:gethppre2	16	static
../lib/src/stm32fxxxinstance.c:238:9:getrtcpre	8	static
../lib/src/stm32fxxxinstance.c:242:9:gethmco1pre	16	static
../lib/src/stm32fxxxinstance.c:265:9:gethmco2pre	16	static
../lib/src/stm32fxxxinstance.c:288:9:getpllm	8	static
../lib/src/stm32fxxxinstance.c:292:10:getplln	8	static
../lib/src/stm32fxxxinstance.c:296:9:getpllp	16	static
../lib/src/stm32fxxxinstance.c:318:9:getpllq	8	static
../lib/src/stm32fxxxinstance.c:328:10:getpllsourceclk	16	static
../lib/src/stm32fxxxinstance.c:334:10:getpllclk	24	static
../lib/src/stm32fxxxinstance.c:342:10:getsysclk	24	static
../lib/src/stm32fxxxinstance.c:370:10:gethclk	16	static
../lib/src/stm32fxxxinstance.c:373:10:getpclk1	24	static
../lib/src/stm32fxxxinstance.c:377:10:getpclk2	24	static
../lib/src/stm32fxxxinstance.c:382:6:enable_fpu	16	static
